
> crm@0.1.0 build
> next build

  Ôû▓ Next.js 14.2.3
  - Environments: .env


> Build error occurred
Error: You cannot use different slug names for the same dynamic path ('tId' !== 'transId').
    at handleSlug (C:\Users\Rcompany\Documents\crm-main\node_modules\next\dist\shared\lib\router\utils\sorted-routes.js:94:31)
    at UrlNode._insert (C:\Users\Rcompany\Documents\crm-main\node_modules\next\dist\shared\lib\router\utils\sorted-routes.js:131:17)
    at UrlNode._insert (C:\Users\Rcompany\Documents\crm-main\node_modules\next\dist\shared\lib\router\utils\sorted-routes.js:142:40)
    at UrlNode._insert (C:\Users\Rcompany\Documents\crm-main\node_modules\next\dist\shared\lib\router\utils\sorted-routes.js:142:40)
    at UrlNode._insert (C:\Users\Rcompany\Documents\crm-main\node_modules\next\dist\shared\lib\router\utils\sorted-routes.js:142:40)
    at UrlNode._insert (C:\Users\Rcompany\Documents\crm-main\node_modules\next\dist\shared\lib\router\utils\sorted-routes.js:142:40)
    at UrlNode.insert (C:\Users\Rcompany\Documents\crm-main\node_modules\next\dist\shared\lib\router\utils\sorted-routes.js:13:14)
    at C:\Users\Rcompany\Documents\crm-main\node_modules\next\dist\shared\lib\router\utils\sorted-routes.js:165:46
    at Array.forEach (<anonymous>)
    at getSortedRoutes (C:\Users\Rcompany\Documents\crm-main\node_modules\next\dist\shared\lib\router\utils\sorted-routes.js:165:21)
